initializing backprop parameters
starting training
EPOCH NUMBER 1: ERROR = 0.23241
EPOCH NUMBER 2: ERROR = 0.19766
